
> agente_mobile_mercado@0.1.0 build
> next build

   Ôû▓ Next.js 15.5.12
   - Environments: .env.local

   Creating an optimized production build ...
 Ô£ô Compiled successfully in 7.5s
   Linting and checking validity of types ...
   Collecting page data ...
   Generating static pages (0/6) ...
   Generating static pages (1/6) 
   Generating static pages (2/6) 
   Generating static pages (4/6) 
 Ô£ô Generating static pages (6/6)
   Finalizing page optimization ...
   Collecting build traces ...

Route (app)                                 Size  First Load JS
Ôöî Ôùï /                                    3.17 kB         236 kB
Ôö£ Ôùï /_not-found                            995 B         103 kB
Ôö£ ãÆ /[slug]                              36.9 kB         269 kB
Ôö£ ãÆ /[slug]/admin                        3.15 kB         230 kB
Ôö£ ãÆ /[slug]/login                        6.19 kB         234 kB
Ôö£ ãÆ /api/chat                              134 B         102 kB
Ôö£ ãÆ /api/push/inscrever                    134 B         102 kB
Ôö£ ãÆ /api/push/notificar                    134 B         102 kB
Ôöö ãÆ /api/transcribe                        134 B         102 kB
+ First Load JS shared by all             102 kB
  Ôö£ chunks/255-ebd51be49873d76c.js         46 kB
  Ôö£ chunks/4bd1b696-c023c6e3521b1417.js  54.2 kB
  Ôöö other shared chunks (total)          2.01 kB


ãÆ Middleware                               34 kB

Ôùï  (Static)   prerendered as static content
ãÆ  (Dynamic)  server-rendered on demand

